

getOpenSearchResultList {"query":"(test)","offset":0,"worksPerPage":12,"sort":"rank_frequency"} 
[[{"result":[{"identifiers":["870970-basis:03273520"],"title":"Der Test : die Zeitschrift für den Verbraucher","workType":"periodica"},{"identifiers":["870970-basis:29640750"],"title":"Test!","workType":"book"},{"identifiers":["870970-basis:20759224"],"title":"Reflex test","creator":"Hanne Agerholm","workType":"book"},{"identifiers":["870970-basis:44057786"],"title":"Fight test","creator":"The Flaming Lips","workType":"music"},{"identifiers":["870970-basis:25610784"],"title":"Hiv-test","creator":"Thomas René Kristensen","workType":"book"},{"identifiers":["150008-public:ebr10509073"],"title":"Test success : test-taking and study strategies for all students, including those with ADD and LD","creator":"Blythe N. Grossberg","workType":"book"},{"identifiers":["150008-public:ebr10048275"],"title":"Test anxiety : the state of the art","creator":"Moshe Zeidner","workType":"book"},{"identifiers":["870970-basis:26015758"],"title":"Evaluering - test : udviklingsorienteret eller redskab for sortering?","workType":"book"},{"identifiers":["870970-basis:42447072"],"title":"First test","creator":"Tamora Pierce","workType":"book"},{"identifiers":["870970-basis:20101911","870970-basis:20101954"],"title":"Teori, test, individuel plan","creator":"Hanne Hvolbæk","workType":"book"},{"identifiers":["150008-academic:ebr10256743"],"title":"To test or not to test : a guide to genetic screening and risk","creator":"Doris Teichler-Zallen","workType":"book"},{"identifiers":["870970-basis:28009003"],"title":"Test i folkeskolen","workType":"book"}],"info":{"facets":[{"type":"term.workType","value":"article","displayValue":"article","cssClass":"worktype"},{"type":"term.workType","value":"literature","displayValue":"literature","cssClass":"worktype"},{"type":"term.workType","value":"music","displayValue":"music","cssClass":"worktype"},{"type":"term.workType","value":"movie","displayValue":"movie","cssClass":"worktype"},{"type":"term.workType","value":"game","displayValue":"game","cssClass":"worktype"},{"type":"term.workType","value":"none","displayValue":"none","cssClass":"worktype"},{"type":"term.workType","value":"sheetmusic","displayValue":"sheetmusic","cssClass":"worktype"},{"type":"term.workType","value":"periodica","displayValue":"periodica","cssClass":"worktype"}],"hits":"1349","collections":"12","more":"true"},"error":[]}]]